// Jest Snapshot v1, https://goo.gl/fbAQLP

exports[`Pruebas en <FirstApp /> Debe de hacer match con el snapshot 1`] = `
<div>
  <h1>
    First App Running
  </h1>
  <p>
    Hello Edwin
  </p>
  <p />
</div>
`;

exports[`Pruebas en <FirstApp /> Debe de mostrar el titulo en H1 1`] = `
<div>
  <h1>
    First App Running
  </h1>
  <p>
    Hello Edwin
  </p>
  <p />
</div>
`;
